// Jest Snapshot v1, https://goo.gl/fbAQLP

exports[`Footer component matches snapshot DOM node structure 1`] = `
<DocumentFragment>
  <footer
    class="footer mt-auto"
    datatest-id="footer"
  >
    <div
      class="row justify-content-md-center"
    >
      <div
        class="col-md-auto"
      >
        <h5
          id="info-id"
        >
          My Info:
          <a
            href="https://github.com/MackFolds"
            rel="noreferrer noopener"
            target="_blank"
          >
            <i
              class="bi bi-github"
            />
          </a>
          <a
            href="https://www.linkedin.com/in/mack-folds-419a46204"
            rel="noreferrer noopener"
            target="_blank"
          >
            <i
              class="bi bi-linkedin"
            />
          </a>
          <a
            href="https://stackexchange.com/users/20507472/venomtide"
            rel="noreferrer noopener"
            target="_blank"
          >
            <i
              class="bi bi-stack"
            />
          </a>
        </h5>
      </div>
    </div>
    <div
      class="row justify-content-md-center"
    >
      <div
        class="col-md-auto"
      >
        <h5
          datatest-id="date"
        >
          Copyright Â© 2021
        </h5>
      </div>
    </div>
  </footer>
</DocumentFragment>
`;
