// Jest Snapshot v1, https://goo.gl/fbAQLP

exports[`About component matches snapshot DOM node structure 1`] = `
<DocumentFragment>
  <section
    id="about-section"
  >
    <img
      alt="cover"
      class="cover-image"
      src="hero-bg-react-portfolio.jpg"
      style="width: 100%;"
    />
    <div
      class="container-fluid"
    >
      <div
        class="row"
        id="about-title"
      >
        <h2
          id="about"
        >
          About Mack
        </h2>
      </div>
    </div>
    <div
      class="container"
      id="about-content"
    >
      <div
        class="row justify-content-lg-center"
      >
        <div
          class="col-lg-6"
          id="image-id"
        >
          <img
            alt=""
            class="personal-photo"
            id="about-me-img"
            src="IMG_6609.JPG"
          />
        </div>
        <div
          class="col-lg-6"
          id="about-text"
        >
          <p />
        </div>
      </div>
    </div>
  </section>
</DocumentFragment>
`;
