// Jest Snapshot v1, https://goo.gl/fbAQLP

exports[`App component matches snapshot 1`] = `
<DocumentFragment>
  <div
    class="App"
  >
    <header>
      <nav
        class="navbar navbar-expand-sm"
        data-testid="navbar"
      >
        <div
          class="container-fluid "
        >
          <a
            class="navbar-brand"
            data-testid="link"
            href="/portfolio-react"
          >
            <h1>
              Mack's Portfolio
            </h1>
          </a>
          <ul
            class="navbar-nav "
          >
            <li
              class="navActive"
            >
              <a
                class="nav-link active"
                href="#about"
              >
                <h3>
                  About Mack
                </h3>
              </a>
            </li>
            <li
              class="false"
            >
              <a
                class="nav-link active"
                href="#work"
              >
                <h3>
                  My Projects
                </h3>
              </a>
            </li>
            <li
              class="false"
            >
              <a
                class="nav-link active"
                href="#contact-me"
              >
                <h3>
                  Contact Me
                </h3>
              </a>
            </li>
            <li
              class="false"
            >
              <a
                class="nav-link active"
                href="#resume"
              >
                <h3>
                  Resume
                </h3>
              </a>
            </li>
          </ul>
        </div>
      </nav>
    </header>
    <main>
      <section
        id="about-section"
      >
        <img
          alt="cover"
          class="cover-image"
          src="hero-bg-react-portfolio.jpg"
          style="width: 100%;"
        />
        <div
          class="container-fluid"
        >
          <div
            class="row"
            id="about-title"
          >
            <h2
              id="about"
            >
              About Mack
            </h2>
          </div>
        </div>
        <div
          class="container"
          id="about-content"
        >
          <div
            class="row justify-content-lg-center"
          >
            <div
              class="col-lg-6"
              id="image-id"
            >
              <img
                alt=""
                class="personal-photo"
                id="about-me-img"
                src="IMG_6609.JPG"
              />
            </div>
            <div
              class="col-lg-6"
              id="about-text"
            >
              <p>
                I am a salt lake city-based full time student in the University of Utah Coding Bootcamp. I started school with half a decade of teamwork and leadership experience in the workplace. If you are looking for a coder with a dedication to learn, improve and cooperate, you've come to the right place. I began my journey down the coding path March 3rd, 2021. I always felt that I was too detail oriented or meticulous for my previous work, so I sought out to find a career to match my need to fix and improve upon mine and others work. Some of my hobbies include basketball and video games however most of my time goes to Marin, my love of ten years.
              </p>
            </div>
          </div>
        </div>
      </section>
    </main>
    <footer
      class="footer mt-auto"
      datatest-id="footer"
    >
      <div
        class="row justify-content-md-center"
      >
        <div
          class="col-md-auto"
        >
          <h5
            id="info-id"
          >
            My Info:
            <a
              href="https://github.com/MackFolds"
              rel="noreferrer noopener"
              target="_blank"
            >
              <i
                class="bi bi-github"
              />
            </a>
            <a
              href="https://www.linkedin.com/in/mack-folds-419a46204"
              rel="noreferrer noopener"
              target="_blank"
            >
              <i
                class="bi bi-linkedin"
              />
            </a>
            <a
              href="https://stackexchange.com/users/20507472/venomtide"
              rel="noreferrer noopener"
              target="_blank"
            >
              <i
                class="bi bi-stack"
              />
            </a>
          </h5>
        </div>
      </div>
      <div
        class="row justify-content-md-center"
      >
        <div
          class="col-md-auto"
        >
          <h5
            datatest-id="date"
          >
            Copyright Â© 2021
          </h5>
        </div>
      </div>
    </footer>
  </div>
</DocumentFragment>
`;
